test_a_current_disposition_resolves_the_disagreement_and_stays_visible (__main__.TestBypasses) ... ok
test_a_disposition_from_another_commit_resolves_nothing (__main__.TestBypasses) ... ok
test_a_disposition_missing_its_reason_or_author_resolves_nothing (__main__.TestBypasses) ... ok
test_a_removed_payment_line_does_not_classify_as_touching_money (__main__.TestBypasses)
Content detectors read ADDED lines only. Deleting a line that ... ok
test_deleting_the_intake_does_not_produce_a_pass (__main__.TestBypasses)
The cheapest bypass of any file-reading control: remove the file it ... ok
test_a_file_type_with_no_detector_is_unmeasured_not_clean (__main__.TestHollowAndMalformed) ... ok
test_a_malformed_intake_fails_rather_than_reading_as_absent (__main__.TestHollowAndMalformed) ... ok
test_an_empty_diff_is_no_data_and_never_a_pass (__main__.TestHollowAndMalformed) ... ok
test_an_unreadable_intake_answer_fails (__main__.TestHollowAndMalformed)
The intake vocabulary refuses values it cannot read. An answer of ... ok
test_a_detector_hit_with_no_intake_still_blocks_under_strict (__main__.TestStrictOverAbsence) ... ok
test_a_docs_and_data_only_diff_exits_zero_under_strict (__main__.TestStrictOverAbsence) ... ok
test_an_empty_diff_exits_zero_under_strict (__main__.TestStrictOverAbsence) ... ok
test_an_unreadable_diff_still_blocks_under_strict (__main__.TestStrictOverAbsence) ... ok
test_a_contract_change_declared_T0_cannot_pass (__main__.TestTheDefect)
THE DEFECT THIS CONTROL EXISTS FOR. Five 'no' answers make an API ... ok
test_a_destructive_migration_declared_reversible_cannot_pass (__main__.TestTheDefect) ... ok
test_a_money_path_declared_insensitive_cannot_pass (__main__.TestTheDefect) ... ok
test_it_never_lowers_a_declared_tier (__main__.TestTheInvariant) ... ok
test_the_tier_rule_is_imported_rather_than_reimplemented (__main__.TestTheInvariant)
Two tier ladders would drift apart on the first change to either. The ... /Users/khalil.maaouni/Documents/BrotherSBE/src/brothersbe/__init__.py:41: ResourceWarning: unclosed file <_io.TextIOWrapper name='/Users/khalil.maaouni/Documents/BrotherSBE/VERSION' mode='r' encoding='utf-8'>
  return io.open(path, encoding="utf-8").read().strip()
ResourceWarning: Enable tracemalloc to get the object allocation traceback
ok
test_a_contract_change_correctly_declared_passes (__main__.TestTheSoundCase) ... ok
test_a_documentation_change_stays_quiet (__main__.TestTheSoundCase)
The control has to be silent on safe work or engineers switch it off, ... ok

----------------------------------------------------------------------
Ran 20 tests in 5.996s

OK
